[
  {
    "type": "text",
    "content": "Hello"
  },
  {
    "type": "text",
    "content": " "
  },
  {
    "type": "text",
    "content": "World!"
  }
]
